INFO | Dataset: bigdata_profs | perfil: compras_publicas
INFO | Corpus [bigdata_profs]: 1375 consultas x 1297 itens de catálogo (1375 com gabarito).
INFO | Grade: 2 pré × 6 proc × 10 pós = 120 combinações.
INFO | [pré/nada] Textos reaproveitados do cache: pre_nada_dd1ed13b74aa2561.json
INFO | [proc/e5] Embeddings reaproveitados do cache: e5_nada_f42766a71c1cc825.npz
INFO |   nada           | e5        | nada      -> MRR 0.6748  R@1 0.569  R@3 0.740
INFO | [pós/medidas] consultas com medida: 1015/1375 | catálogo: 865/1297 | bases: MM=654, ML=181, G=159, PCT=137, V=72, MG_ML=54
INFO |   nada           | e5        | medidas   -> MRR 0.6624  R@1 0.550  R@3 0.732
INFO | [GraphRAG/pré] KG: 12380 nós, 32261 arestas, 9708 entidades, 98 comunidades
INFO |   nada           | e5        | medidas_graphrag -> MRR 0.7006  R@1 0.597  R@3 0.773
INFO |   nada           | e5        | graphrag_idf -> MRR 0.6442  R@1 0.522  R@3 0.722
INFO |   nada           | e5        | medidas_graphrag_idf -> MRR 0.7092  R@1 0.608  R@3 0.780
INFO | [taxonomia] histórico: 162 classes e-Fisco x 154 classes CATMAT, 324 pares de classe distintos, 148 de grupo.
INFO | [taxonomia] correto com compatibilidade > 0 (LOO): 91.8% das consultas; classe sem histórico: 133
INFO |   nada           | e5        | taxonomia -> MRR 0.6573  R@1 0.546  R@3 0.726
INFO | [taxonomia] rótulos: 162 x 156 classes, 46 x 50 grupos alinhados por E5.
INFO |   nada           | e5        | taxonomia_rotulo -> MRR 0.6709  R@1 0.564  R@3 0.739
INFO |   nada           | e5        | medidas_taxonomia -> MRR 0.6702  R@1 0.561  R@3 0.735
INFO |   nada           | e5        | medidas_graphrag_taxonomia -> MRR 0.6916  R@1 0.586  R@3 0.766
INFO |   nada           | e5        | medidas_graphrag_idf_taxonomia -> MRR 0.7040  R@1 0.602  R@3 0.776
INFO |   nada           | e5_tfidf  | nada      -> MRR 0.6744  R@1 0.563  R@3 0.746
INFO |   nada           | e5_tfidf  | medidas   -> MRR 0.6467  R@1 0.526  R@3 0.724
INFO |   nada           | e5_tfidf  | medidas_graphrag -> MRR 0.6520  R@1 0.530  R@3 0.733
INFO |   nada           | e5_tfidf  | graphrag_idf -> MRR 0.5774  R@1 0.434  R@3 0.666
INFO |   nada           | e5_tfidf  | medidas_graphrag_idf -> MRR 0.6588  R@1 0.541  R@3 0.733
INFO |   nada           | e5_tfidf  | taxonomia -> MRR 0.6120  R@1 0.487  R@3 0.684
INFO |   nada           | e5_tfidf  | taxonomia_rotulo -> MRR 0.6154  R@1 0.493  R@3 0.690
INFO |   nada           | e5_tfidf  | medidas_taxonomia -> MRR 0.6190  R@1 0.492  R@3 0.697
INFO |   nada           | e5_tfidf  | medidas_graphrag_taxonomia -> MRR 0.6254  R@1 0.493  R@3 0.716
INFO |   nada           | e5_tfidf  | medidas_graphrag_idf_taxonomia -> MRR 0.6376  R@1 0.510  R@3 0.727
INFO |   nada           | e5_kg     | nada      -> MRR 0.5983  R@1 0.474  R@3 0.676
INFO |   nada           | e5_kg     | medidas   -> MRR 0.6087  R@1 0.486  R@3 0.689
INFO |   nada           | e5_kg     | medidas_graphrag -> MRR 0.6084  R@1 0.484  R@3 0.687
INFO |   nada           | e5_kg     | graphrag_idf -> MRR 0.5294  R@1 0.394  R@3 0.605
INFO |   nada           | e5_kg     | medidas_graphrag_idf -> MRR 0.6137  R@1 0.494  R@3 0.693
INFO |   nada           | e5_kg     | taxonomia -> MRR 0.5506  R@1 0.416  R@3 0.627
INFO |   nada           | e5_kg     | taxonomia_rotulo -> MRR 0.5515  R@1 0.409  R@3 0.638
INFO |   nada           | e5_kg     | medidas_taxonomia -> MRR 0.5856  R@1 0.452  R@3 0.671
INFO |   nada           | e5_kg     | medidas_graphrag_taxonomia -> MRR 0.5915  R@1 0.461  R@3 0.677
INFO |   nada           | e5_kg     | medidas_graphrag_idf_taxonomia -> MRR 0.6024  R@1 0.478  R@3 0.682
INFO |   nada           | e5_tfidf_kg | nada      -> MRR 0.6431  R@1 0.527  R@3 0.720
INFO |   nada           | e5_tfidf_kg | medidas   -> MRR 0.6389  R@1 0.516  R@3 0.724
INFO |   nada           | e5_tfidf_kg | medidas_graphrag -> MRR 0.6476  R@1 0.526  R@3 0.738
INFO |   nada           | e5_tfidf_kg | graphrag_idf -> MRR 0.5416  R@1 0.403  R@3 0.622
INFO |   nada           | e5_tfidf_kg | medidas_graphrag_idf -> MRR 0.6501  R@1 0.534  R@3 0.732
INFO |   nada           | e5_tfidf_kg | taxonomia -> MRR 0.5979  R@1 0.466  R@3 0.689
INFO |   nada           | e5_tfidf_kg | taxonomia_rotulo -> MRR 0.6071  R@1 0.479  R@3 0.694
INFO |   nada           | e5_tfidf_kg | medidas_taxonomia -> MRR 0.6202  R@1 0.488  R@3 0.719
INFO |   nada           | e5_tfidf_kg | medidas_graphrag_taxonomia -> MRR 0.6193  R@1 0.486  R@3 0.717
INFO |   nada           | e5_tfidf_kg | medidas_graphrag_idf_taxonomia -> MRR 0.6291  R@1 0.502  R@3 0.722
INFO |   nada           | e5_taxonomia | nada      -> MRR 0.6524  R@1 0.545  R@3 0.721
INFO |   nada           | e5_taxonomia | medidas   -> MRR 0.6574  R@1 0.548  R@3 0.729
INFO |   nada           | e5_taxonomia | medidas_graphrag -> MRR 0.6894  R@1 0.590  R@3 0.759
INFO |   nada           | e5_taxonomia | graphrag_idf -> MRR 0.6424  R@1 0.530  R@3 0.714
INFO |   nada           | e5_taxonomia | medidas_graphrag_idf -> MRR 0.6980  R@1 0.602  R@3 0.764
INFO |   nada           | e5_taxonomia | taxonomia -> MRR 0.6074  R@1 0.505  R@3 0.666
INFO |   nada           | e5_taxonomia | taxonomia_rotulo -> MRR 0.6368  R@1 0.529  R@3 0.703
INFO |   nada           | e5_taxonomia | medidas_taxonomia -> MRR 0.6256  R@1 0.515  R@3 0.696
INFO |   nada           | e5_taxonomia | medidas_graphrag_taxonomia -> MRR 0.6506  R@1 0.545  R@3 0.722
INFO |   nada           | e5_taxonomia | medidas_graphrag_idf_taxonomia -> MRR 0.6657  R@1 0.562  R@3 0.735
INFO |   nada           | e5_tfidf_taxonomia | nada      -> MRR 0.6272  R@1 0.478  R@3 0.739
INFO |   nada           | e5_tfidf_taxonomia | medidas   -> MRR 0.6257  R@1 0.486  R@3 0.716
INFO |   nada           | e5_tfidf_taxonomia | medidas_graphrag -> MRR 0.6481  R@1 0.520  R@3 0.733
INFO |   nada           | e5_tfidf_taxonomia | graphrag_idf -> MRR 0.5727  R@1 0.421  R@3 0.665
INFO |   nada           | e5_tfidf_taxonomia | medidas_graphrag_idf -> MRR 0.6614  R@1 0.537  R@3 0.738
INFO |   nada           | e5_tfidf_taxonomia | taxonomia -> MRR 0.5490  R@1 0.399  R@3 0.638
INFO |   nada           | e5_tfidf_taxonomia | taxonomia_rotulo -> MRR 0.5698  R@1 0.418  R@3 0.673
INFO |   nada           | e5_tfidf_taxonomia | medidas_taxonomia -> MRR 0.5835  R@1 0.442  R@3 0.668
INFO |   nada           | e5_tfidf_taxonomia | medidas_graphrag_taxonomia -> MRR 0.6069  R@1 0.471  R@3 0.691
INFO |   nada           | e5_tfidf_taxonomia | medidas_graphrag_idf_taxonomia -> MRR 0.6211  R@1 0.488  R@3 0.705
INFO | [proc/e5] Embeddings reaproveitados do cache: e5_basico_d3935162a3ff8289.npz
INFO |   basico         | e5        | nada      -> MRR 0.6689  R@1 0.562  R@3 0.743
INFO |   basico         | e5        | medidas   -> MRR 0.6575  R@1 0.545  R@3 0.738
INFO |   basico         | e5        | medidas_graphrag -> MRR 0.6924  R@1 0.585  R@3 0.780
INFO |   basico         | e5        | graphrag_idf -> MRR 0.6432  R@1 0.526  R@3 0.727
INFO |   basico         | e5        | medidas_graphrag_idf -> MRR 0.7044  R@1 0.602  R@3 0.789
INFO |   basico         | e5        | taxonomia -> MRR 0.6457  R@1 0.537  R@3 0.717
INFO |   basico         | e5        | taxonomia_rotulo -> MRR 0.6609  R@1 0.558  R@3 0.726
INFO |   basico         | e5        | medidas_taxonomia -> MRR 0.6512  R@1 0.539  R@3 0.730
INFO |   basico         | e5        | medidas_graphrag_taxonomia -> MRR 0.6787  R@1 0.571  R@3 0.763
INFO |   basico         | e5        | medidas_graphrag_idf_taxonomia -> MRR 0.6898  R@1 0.586  R@3 0.778
INFO |   basico         | e5_tfidf  | nada      -> MRR 0.7097  R@1 0.602  R@3 0.788
INFO |   basico         | e5_tfidf  | medidas   -> MRR 0.6660  R@1 0.544  R@3 0.748
INFO |   basico         | e5_tfidf  | medidas_graphrag -> MRR 0.6743  R@1 0.555  R@3 0.763
INFO |   basico         | e5_tfidf  | graphrag_idf -> MRR 0.5958  R@1 0.452  R@3 0.696
INFO |   basico         | e5_tfidf  | medidas_graphrag_idf -> MRR 0.6730  R@1 0.552  R@3 0.759
INFO |   basico         | e5_tfidf  | taxonomia -> MRR 0.6326  R@1 0.513  R@3 0.707
INFO |   basico         | e5_tfidf  | taxonomia_rotulo -> MRR 0.6240  R@1 0.500  R@3 0.700
INFO |   basico         | e5_tfidf  | medidas_taxonomia -> MRR 0.6279  R@1 0.500  R@3 0.711
INFO |   basico         | e5_tfidf  | medidas_graphrag_taxonomia -> MRR 0.6331  R@1 0.501  R@3 0.726
INFO |   basico         | e5_tfidf  | medidas_graphrag_idf_taxonomia -> MRR 0.6438  R@1 0.519  R@3 0.729
INFO |   basico         | e5_kg     | nada      -> MRR 0.6028  R@1 0.482  R@3 0.674
INFO |   basico         | e5_kg     | medidas   -> MRR 0.6164  R@1 0.497  R@3 0.685
INFO |   basico         | e5_kg     | medidas_graphrag -> MRR 0.6130  R@1 0.494  R@3 0.690
INFO |   basico         | e5_kg     | graphrag_idf -> MRR 0.5264  R@1 0.391  R@3 0.594
INFO |   basico         | e5_kg     | medidas_graphrag_idf -> MRR 0.6173  R@1 0.501  R@3 0.693
INFO |   basico         | e5_kg     | taxonomia -> MRR 0.5547  R@1 0.425  R@3 0.626
INFO |   basico         | e5_kg     | taxonomia_rotulo -> MRR 0.5539  R@1 0.421  R@3 0.636
INFO |   basico         | e5_kg     | medidas_taxonomia -> MRR 0.5887  R@1 0.459  R@3 0.670
INFO |   basico         | e5_kg     | medidas_graphrag_taxonomia -> MRR 0.5904  R@1 0.461  R@3 0.673
INFO |   basico         | e5_kg     | medidas_graphrag_idf_taxonomia -> MRR 0.6009  R@1 0.476  R@3 0.684
INFO |   basico         | e5_tfidf_kg | nada      -> MRR 0.6639  R@1 0.542  R@3 0.750
INFO |   basico         | e5_tfidf_kg | medidas   -> MRR 0.6556  R@1 0.531  R@3 0.741
INFO |   basico         | e5_tfidf_kg | medidas_graphrag -> MRR 0.6618  R@1 0.541  R@3 0.748
INFO |   basico         | e5_tfidf_kg | graphrag_idf -> MRR 0.5570  R@1 0.417  R@3 0.633
INFO |   basico         | e5_tfidf_kg | medidas_graphrag_idf -> MRR 0.6625  R@1 0.546  R@3 0.742
INFO |   basico         | e5_tfidf_kg | taxonomia -> MRR 0.6180  R@1 0.486  R@3 0.704
INFO |   basico         | e5_tfidf_kg | taxonomia_rotulo -> MRR 0.6322  R@1 0.502  R@3 0.719
INFO |   basico         | e5_tfidf_kg | medidas_taxonomia -> MRR 0.6341  R@1 0.502  R@3 0.727
INFO |   basico         | e5_tfidf_kg | medidas_graphrag_taxonomia -> MRR 0.6327  R@1 0.505  R@3 0.721
INFO |   basico         | e5_tfidf_kg | medidas_graphrag_idf_taxonomia -> MRR 0.6380  R@1 0.513  R@3 0.722
INFO |   basico         | e5_taxonomia | nada      -> MRR 0.6392  R@1 0.535  R@3 0.708
INFO |   basico         | e5_taxonomia | medidas   -> MRR 0.6368  R@1 0.528  R@3 0.714
INFO |   basico         | e5_taxonomia | medidas_graphrag -> MRR 0.6728  R@1 0.570  R@3 0.754
INFO |   basico         | e5_taxonomia | graphrag_idf -> MRR 0.6322  R@1 0.524  R@3 0.707
INFO |   basico         | e5_taxonomia | medidas_graphrag_idf -> MRR 0.6856  R@1 0.588  R@3 0.762
INFO |   basico         | e5_taxonomia | taxonomia -> MRR 0.5933  R@1 0.492  R@3 0.651
INFO |   basico         | e5_taxonomia | taxonomia_rotulo -> MRR 0.6197  R@1 0.518  R@3 0.682
INFO |   basico         | e5_taxonomia | medidas_taxonomia -> MRR 0.6079  R@1 0.501  R@3 0.673
INFO |   basico         | e5_taxonomia | medidas_graphrag_taxonomia -> MRR 0.6337  R@1 0.529  R@3 0.704
INFO |   basico         | e5_taxonomia | medidas_graphrag_idf_taxonomia -> MRR 0.6443  R@1 0.537  R@3 0.729
INFO |   basico         | e5_tfidf_taxonomia | nada      -> MRR 0.6312  R@1 0.472  R@3 0.766
INFO |   basico         | e5_tfidf_taxonomia | medidas   -> MRR 0.6238  R@1 0.473  R@3 0.732
INFO |   basico         | e5_tfidf_taxonomia | medidas_graphrag -> MRR 0.6571  R@1 0.522  R@3 0.757
INFO |   basico         | e5_tfidf_taxonomia | graphrag_idf -> MRR 0.5900  R@1 0.439  R@3 0.691
INFO |   basico         | e5_tfidf_taxonomia | medidas_graphrag_idf -> MRR 0.6711  R@1 0.542  R@3 0.762
INFO |   basico         | e5_tfidf_taxonomia | taxonomia -> MRR 0.5485  R@1 0.388  R@3 0.660
INFO |   basico         | e5_tfidf_taxonomia | taxonomia_rotulo -> MRR 0.5635  R@1 0.406  R@3 0.677
INFO |   basico         | e5_tfidf_taxonomia | medidas_taxonomia -> MRR 0.5823  R@1 0.434  R@3 0.680
INFO |   basico         | e5_tfidf_taxonomia | medidas_graphrag_taxonomia -> MRR 0.6098  R@1 0.469  R@3 0.705
INFO |   basico         | e5_tfidf_taxonomia | medidas_graphrag_idf_taxonomia -> MRR 0.6296  R@1 0.495  R@3 0.721

=== MATRIZ pré × proc (recall_at_3, sem pós-processamento) ===
                                  e5            e5_tfidf               e5_kg         e5_tfidf_kg        e5_taxonomia  e5_tfidf_taxonomia
nada                          0.7404              0.7462              0.6756              0.7200              0.7207              0.7389
basico                        0.7425             0.7884*              0.6742             0.7498*              0.7084             0.7665*
  (*) três melhores células

=== RANK DAS MELHORES COMBINAÇÕES (por recall_at_3) ===
#   combinação                                    recall_at_3     R@1     R@3    R@10       s
1   basico + e5 + medidas_graphrag_idf                0.7891   0.602   0.789   0.886     1.2
2   basico + e5_tfidf + nada                          0.7884   0.602   0.788   0.910     1.8
3   nada + e5 + medidas_graphrag_idf                  0.7804   0.608   0.780   0.900     0.3
4   basico + e5 + medidas_graphrag                    0.7796   0.585   0.780   0.885     1.2
5   basico + e5 + medidas_graphrag_idf_taxonomia      0.7782   0.586   0.778   0.877     1.2
6   nada + e5 + medidas_graphrag_idf_taxonomia        0.7760   0.602   0.776   0.889     0.4
7   nada + e5 + medidas_graphrag                      0.7731   0.597   0.773   0.897     2.7
8   nada + e5 + medidas_graphrag_taxonomia            0.7665   0.586   0.766   0.886     0.3
9   basico + e5_tfidf_taxonomia + nada                0.7665   0.472   0.766   0.910     1.5
10  nada + e5_taxonomia + medidas_graphrag_idf        0.7644   0.602   0.764   0.874     0.3

=== ARQUIVOS GERADOS ===
  C:\Users\Educação\mmh\resultados\bigdata_profs\avaliacao_modular.yaml
  C:\Users\Educação\mmh\resultados\bigdata_profs\matriz_pre_x_proc.csv
  C:\Users\Educação\mmh\resultados\bigdata_profs\ranking_combinacoes.csv
  C:\Users\Educação\mmh\resultados\bigdata_profs\matriz_modular.png

Tempo total: 28.4s
